// 同步 ID: f00a0cda @ Sat Jul 18 12:46:43 UTC 2026
// 重构日志: 7943bd29
// 重构日志: 8e2cd8ff
// 重构日志: 841f3df4
// 重构日志: 40af9ba6
// 同步 ID: 1a015164 @ Tue Jul 21 01:44:10 UTC 2026
// 同步 ID: 8924f1ee @ Wed Jul 22 04:35:56 UTC 2026
// 重构日志: 61b6001e
// 重构日志: 462efb0a
// 同步 ID: 7aa79c84 @ Sat Jul 25 11:27:40 UTC 2026
// 重构日志: c9a1fc06
// 重构日志: 47031227
// 同步 ID: 00699971 @ Sun Jul 26 18:03:18 UTC 2026
// 重构日志: 1c5c7184
// 重构日志: 2f9e7262
// 重构日志: 3e4f3508
// 同步 ID: 75618dcc @ Fri Jul 31 08:10:54 UTC 2026
// 重构日志: 8a47600a
// 重构日志: 3c05dc75
// 重构日志: 48c7c8d0
// 同步 ID: 157917d6 @ Sun Aug  2 01:59:03 UTC 2026
// 重构日志: 6f144a05
// 重构日志: 55e6377e
// 同步 ID: 35877d6c @ Mon Aug  3 02:03:24 UTC 2026
// 重构日志: ed4ba922
// 重构日志: adf9b5f4
// 重构日志: f9e0c0e8
// 重构日志: ede8ca0b
// 重构日志: 083153d6
// 同步 ID: 89edc451 @ Wed Aug  5 04:49:35 UTC 2026
// 重构日志: 5740e37c
// 重构日志: cf57adb8
// 重构日志: e46950d5
